C51 COMPILER V9.55   CLOCKINIT                                                             07/26/2020 16:01:25 PAGE 1   


C51 COMPILER V9.55, COMPILATION OF MODULE CLOCKINIT
OBJECT MODULE PLACED IN .\Objects\ClockInit.obj
COMPILER INVOKED BY: C:\Keil_v5\C51\BIN\C51.EXE ClockInit.c ROM(COMPACT) OPTIMIZE(8,SPEED) BROWSE DEBUG OBJECTEXTEND PRI
                    -NT(.\Listings\ClockInit.lst) TABS(2) OBJECT(.\Objects\ClockInit.obj)

line level    source

   1          /////////////////////////////////////
   2          //  Generated Initialization File  //
   3          /////////////////////////////////////
   4          
   5          #include "compiler_defs.h"
   6          #include "C8051F330_defs.h"
*** WARNING C318 IN LINE 6 OF ClockInit.c: can't open file 'C8051F330_defs.h'
   7          
   8          // Peripheral specific initialization functions,
   9          // Called from the Init_Device() function
  10          void DAC_Init()
  11          {
  12   1          IDA0CN    = 0xF0;
*** ERROR C202 IN LINE 12 OF ClockInit.c: 'IDA0CN': undefined identifier
  13   1      }
  14          
  15          void Port_IO_Init()
  16          {
  17   1          // P0.0  -  Unassigned,  Open-Drain, Digital
  18   1          // P0.1  -  Skipped,     Open-Drain, Analog
  19   1          // P0.2  -  Unassigned,  Open-Drain, Digital
  20   1          // P0.3  -  Unassigned,  Open-Drain, Digital
  21   1          // P0.4  -  Unassigned,  Open-Drain, Digital
  22   1          // P0.5  -  Unassigned,  Open-Drain, Digital
  23   1          // P0.6  -  Unassigned,  Open-Drain, Digital
  24   1          // P0.7  -  Unassigned,  Open-Drain, Digital
  25   1      
  26   1          // P1.0  -  Unassigned,  Open-Drain, Digital
  27   1          // P1.1  -  Unassigned,  Open-Drain, Digital
  28   1          // P1.2  -  Unassigned,  Open-Drain, Digital
  29   1          // P1.3  -  Unassigned,  Open-Drain, Digital
  30   1          // P1.4  -  Unassigned,  Open-Drain, Digital
  31   1          // P1.5  -  Unassigned,  Open-Drain, Digital
  32   1          // P1.6  -  Unassigned,  Open-Drain, Digital
  33   1          // P1.7  -  Unassigned,  Open-Drain, Digital
  34   1      
  35   1          P0MDIN    = 0xFD;
*** ERROR C202 IN LINE 35 OF ClockInit.c: 'P0MDIN': undefined identifier
  36   1          P0SKIP    = 0x02;
*** ERROR C202 IN LINE 36 OF ClockInit.c: 'P0SKIP': undefined identifier
  37   1          XBR1      = 0xC0;
*** ERROR C202 IN LINE 37 OF ClockInit.c: 'XBR1': undefined identifier
  38   1      }
  39          
  40          void Oscillator_Init()
  41          {
  42   1          OSCICN    = 0x83;
*** ERROR C202 IN LINE 42 OF ClockInit.c: 'OSCICN': undefined identifier
  43   1      }
  44          
  45          // Initialization function for device,
  46          // Call Init_Device() from your main program
  47          void Init_Device(void)
  48          {
C51 COMPILER V9.55   CLOCKINIT                                                             07/26/2020 16:01:25 PAGE 2   

  49   1          DAC_Init();
  50   1          Port_IO_Init();
  51   1          Oscillator_Init();
  52   1      }

C51 COMPILATION COMPLETE.  1 WARNING(S),  5 ERROR(S)
